<?xml version="1.0" encoding="UTF-8"?>
<!DOCTYPE resource-action-mapping PUBLIC "-//Liferay//DTD Resource Action Mapping 7.4.0//EN"
        "http://www.liferay.com/dtd/liferay-resource-action-mapping_7_4_0.dtd">
<resource-action-mapping>
</resource-action-mapping>