<?xml version="1.0"?>

<workflow-definition xmlns="urn:liferay.com:liferay-workflow_7.4.0"
                     xmlns:xsi="http://www.w3.org/2001/XMLSchema-instance"
                     xsi:schemaLocation="urn:liferay.com:liferay-workflow_7.4.0 http://www.liferay.com/dtd/liferay-workflow-definition_7_4_0.xsd">
    <name>My Workflow</name>
    <description>My Workflow</description>
    <version>1</version>
    <state>
        <name>created</name>
    </state>
</workflow-definition>